// Jest Snapshot v1, https://goo.gl/fbAQLP

exports[`<Main /> should render the heading 1`] = `
<main
  class="styles__Wrapper-sc-dzx1ao-0 VFBNQ"
>
  <img
    alt="Imagem de um átomo e React Avançado ao lado."
    class="styles__Logo-sc-dzx1ao-1 fqmfdP"
    src="/img/logo.svg"
  />
  <h1
    class="styles__Title-sc-dzx1ao-2 iwViSR"
  >
    React Avançado
  </h1>
  <h2
    class="styles__Description-sc-dzx1ao-3 filQvO"
  >
    TypeScript, ReactJS, NextJS e Styled Components
  </h2>
  <img
    alt="Um desenvolvedor codificando"
    class="styles__Ilustration-sc-dzx1ao-4 weQpj"
    src="/img/hero-illustration.svg"
  />
</main>
`;
